Added Member To Class: ClassName=1_P1 Member=Component C14 0.1?F
Added Member To Class: ClassName=1_P1 Member=Component C16 Capacitor
Added Member To Class: ClassName=1_P1 Member=Component C18 Capacitor
Added Member To Class: ClassName=1_P1 Member=Component C20 33?F
Added Member To Class: ClassName=1_P1 Member=Component C22 Capacitor
Added Member To Class: ClassName=1_P1 Member=Component C23 Capacitor
Added Member To Class: ClassName=1_P1 Member=Component C27 0.1?F
Added Member To Class: ClassName=1_P1 Member=Component J3 SKQUAAA010
Added Member To Class: ClassName=1_P1 Member=Component R5 Resistor
Added Member To Class: ClassName=1_P1 Member=Component R6 Resistor
Added Member To Class: ClassName=1_P1 Member=Component R8 Resistor
Added Member To Class: ClassName=1_P1 Member=Component R9 Resistor
Added Member To Class: ClassName=1_P1 Member=Component R11 Resistor
Added Member To Class: ClassName=1_P1 Member=Component R13 Resistor
Added Member To Class: ClassName=1_P1 Member=Component R15 Resistor
Added Member To Class: ClassName=1_P1 Member=Component R19 Resistor
Added Member To Class: ClassName=1_P1 Member=Component R21 Resistor
Added Member To Class: ClassName=1_P1 Member=Component R23 Resistor
Added Member To Class: ClassName=1_P1 Member=Component R25 Resistor
Added Member To Class: ClassName=1_P1 Member=Component R27 Resistor
Added Member To Class: ClassName=1_P1 Member=Component R30 Resistor
Added Member To Class: ClassName=1_P1 Member=Component R31 Resistor
Added Member To Class: ClassName=1_P1 Member=Component R32 Resistor
Added Member To Class: ClassName=1_P1 Member=Component R34 Resistor
Added Member To Class: ClassName=1_P1 Member=Component R35 Resistor
Added Member To Class: ClassName=1_P1 Member=Component R37 Resistor
Added Member To Class: ClassName=1_P1 Member=Component R38 Resistor
Added Member To Class: ClassName=1_P1 Member=Component R41 Resistor
Added Member To Class: ClassName=1_P1 Member=Component R43 Resistor
Added Member To Class: ClassName=1_P1 Member=Component R44 Resistor
Added Member To Class: ClassName=1_P1 Member=Component R46 Resistor
Added Member To Class: ClassName=1_P1 Member=Component R47 Resistor
Added Member To Class: ClassName=1_P1 Member=Component R48 Resistor
Added Member To Class: ClassName=1_P1 Member=Component R49 Resistor
Added Member To Class: ClassName=1_P1 Member=Component R52 Resistor
Added Member To Class: ClassName=1_P1 Member=Component U5 LT3045IDD#PBF
Added Member To Class: ClassName=1_P1 Member=Component U9 OPA1622IDRCR
