Change Component Designator: OldDesignator=C14 NewDesignator=C20
Change Component Designator: OldDesignator=C15 NewDesignator=C14
Change Component Designator: OldDesignator=C16 NewDesignator=C15
Change Component Designator: OldDesignator=C17 NewDesignator=C16
Change Component Designator: OldDesignator=C18 NewDesignator=C17
Change Component Designator: OldDesignator=C19 NewDesignator=C18
Change Component Designator: OldDesignator=C20 NewDesignator=C19
Change Component Designator: OldDesignator=C21 NewDesignator=C22
Change Component Designator: OldDesignator=C22 NewDesignator=C23
Change Component Designator: OldDesignator=C23 NewDesignator=C21
Change Component Designator: OldDesignator=C27 NewDesignator=C28
Change Component Designator: OldDesignator=C28 NewDesignator=C27
Change Component Designator: OldDesignator=J2 NewDesignator=J3
Change Component Designator: OldDesignator=J3 NewDesignator=J2
Change Component Designator: OldDesignator=R3 NewDesignator=R4
Change Component Designator: OldDesignator=R4 NewDesignator=R5
Change Component Designator: OldDesignator=R5 NewDesignator=R6
Change Component Designator: OldDesignator=R6 NewDesignator=R7
Change Component Designator: OldDesignator=R7 NewDesignator=R8
Change Component Designator: OldDesignator=R8 NewDesignator=R9
Change Component Designator: OldDesignator=R9 NewDesignator=R10
Change Component Designator: OldDesignator=R10 NewDesignator=R11
Change Component Designator: OldDesignator=R11 NewDesignator=R12
Change Component Designator: OldDesignator=R12 NewDesignator=R13
Change Component Designator: OldDesignator=R13 NewDesignator=R14
Change Component Designator: OldDesignator=R14 NewDesignator=R15
Change Component Designator: OldDesignator=R15 NewDesignator=R16
Change Component Designator: OldDesignator=R16 NewDesignator=R17
Change Component Designator: OldDesignator=R17 NewDesignator=R18
Change Component Designator: OldDesignator=R18 NewDesignator=R19
Change Component Designator: OldDesignator=R19 NewDesignator=R20
Change Component Designator: OldDesignator=R20 NewDesignator=R21
Change Component Designator: OldDesignator=R21 NewDesignator=R22
Change Component Designator: OldDesignator=R22 NewDesignator=R23
Change Component Designator: OldDesignator=R23 NewDesignator=R24
Change Component Designator: OldDesignator=R24 NewDesignator=R25
Change Component Designator: OldDesignator=R25 NewDesignator=R27
Change Component Designator: OldDesignator=R26 NewDesignator=R28
Change Component Designator: OldDesignator=R27 NewDesignator=R29
Change Component Designator: OldDesignator=R28 NewDesignator=R30
Change Component Designator: OldDesignator=R29 NewDesignator=R31
Change Component Designator: OldDesignator=R30 NewDesignator=R32
Change Component Designator: OldDesignator=R31 NewDesignator=R33
Change Component Designator: OldDesignator=R32 NewDesignator=R34
Change Component Designator: OldDesignator=R33 NewDesignator=R35
Change Component Designator: OldDesignator=R34 NewDesignator=R36
Change Component Designator: OldDesignator=R35 NewDesignator=R37
Change Component Designator: OldDesignator=R36 NewDesignator=R38
Change Component Designator: OldDesignator=R37 NewDesignator=R39
Change Component Designator: OldDesignator=R38 NewDesignator=R40
Change Component Designator: OldDesignator=R39 NewDesignator=R41
Change Component Designator: OldDesignator=R40 NewDesignator=R42
Change Component Designator: OldDesignator=R41 NewDesignator=R43
Change Component Designator: OldDesignator=R42 NewDesignator=R44
Change Component Designator: OldDesignator=R43 NewDesignator=R45
Change Component Designator: OldDesignator=R44 NewDesignator=R46
Change Component Designator: OldDesignator=R45 NewDesignator=R47
Change Component Designator: OldDesignator=R46 NewDesignator=R48
Change Component Designator: OldDesignator=R47 NewDesignator=R49
Change Component Designator: OldDesignator=R48 NewDesignator=R50
Change Component Designator: OldDesignator=R49 NewDesignator=R51
Change Component Designator: OldDesignator=R50 NewDesignator=R52
Change Component Designator: OldDesignator=R51 NewDesignator=R3
Change Component Designator: OldDesignator=R52 NewDesignator=R26
Change Component Designator: OldDesignator=U5 NewDesignator=U4
Change Component Designator: OldDesignator=U6 NewDesignator=U5
Change Component Designator: OldDesignator=U7 NewDesignator=U6
Change Component Designator: OldDesignator=U8 NewDesignator=U7
Change Component Designator: OldDesignator=U9 NewDesignator=U8
Change Component Designator: OldDesignator=U10 NewDesignator=U9
Change Net Name : Old Net Name=NetC14_1 New Net Name=NetC20_1
Change Net Name : Old Net Name=NetC15_1 New Net Name=NetC14_1
Change Net Name : Old Net Name=NetC16_2 New Net Name=NetC15_2
Change Net Name : Old Net Name=NetC17_2 New Net Name=NetC16_2
Change Net Name : Old Net Name=NetC18_2 New Net Name=NetC17_2
Change Net Name : Old Net Name=NetC19_2 New Net Name=NetC18_2
Change Net Name : Old Net Name=NetC22_2 New Net Name=NetC23_2
Change Net Name : Old Net Name=NetC23_1 New Net Name=NetC21_1
Change Net Name : Old Net Name=NetC27_1 New Net Name=NetC28_1
Change Net Name : Old Net Name=NetC27_2 New Net Name=NetC28_2
Change Net Name : Old Net Name=NetC28_1 New Net Name=NetC27_1
Change Net Name : Old Net Name=NetJ2_1 New Net Name=NetJ3_1
Change Net Name : Old Net Name=NetJ2_2 New Net Name=NetJ3_2
Change Net Name : Old Net Name=NetJ2_3 New Net Name=NetJ3_3
Change Net Name : Old Net Name=NetJ2_5 New Net Name=NetJ3_5
Change Net Name : Old Net Name=NetJ2_6 New Net Name=NetJ3_6
Change Net Name : Old Net Name=NetJ3_2 New Net Name=NetJ2_2
Change Net Name : Old Net Name=NetR3_2 New Net Name=NetR4_2
Change Net Name : Old Net Name=NetR4_2 New Net Name=NetR5_2
Change Net Name : Old Net Name=NetR5_2 New Net Name=NetR6_2
Change Net Name : Old Net Name=NetR6_1 New Net Name=NetR7_1
Change Net Name : Old Net Name=NetR7_1 New Net Name=NetR8_1
Change Net Name : Old Net Name=NetR8_2 New Net Name=NetR9_2
Change Net Name : Old Net Name=NetR9_2 New Net Name=NetR10_2
Change Net Name : Old Net Name=NetR10_2 New Net Name=NetR11_2
Change Net Name : Old Net Name=NetR13_2 New Net Name=NetR14_2
Change Net Name : Old Net Name=NetR14_2 New Net Name=NetR15_2
Change Net Name : Old Net Name=NetR15_2 New Net Name=NetR16_2
Change Net Name : Old Net Name=NetR18_2 New Net Name=NetR19_2
Change Net Name : Old Net Name=NetR19_2 New Net Name=NetR20_2
Change Net Name : Old Net Name=NetR20_2 New Net Name=NetR21_2
Change Net Name : Old Net Name=NetR21_1 New Net Name=NetR22_1
Change Net Name : Old Net Name=NetR26_2 New Net Name=NetR28_2
Change Net Name : Old Net Name=NetR29_1 New Net Name=NetR31_1
Change Net Name : Old Net Name=NetR30_1 New Net Name=NetR32_1
Change Net Name : Old Net Name=NetR32_1 New Net Name=NetR34_1
Change Net Name : Old Net Name=NetR35_2 New Net Name=NetR37_2
Change Net Name : Old Net Name=NetR45_1 New Net Name=NetR47_1
Change Net Name : Old Net Name=NetR46_1 New Net Name=NetR48_1
Added Member To Class: ClassName=1_P1 Member=Component C15 Capacitor
Added Member To Class: ClassName=1_P1 Member=Component C17 Capacitor
Added Member To Class: ClassName=1_P1 Member=Component C19 Capacitor
Added Member To Class: ClassName=1_P1 Member=Component C20 33?F
Added Member To Class: ClassName=1_P1 Member=Component C22 Capacitor
Added Member To Class: ClassName=1_P1 Member=Component C23 Capacitor
Added Member To Class: ClassName=1_P1 Member=Component C28 Capacitor
Added Member To Class: ClassName=1_P1 Member=Component J3 SKQUAAA010
Added Member To Class: ClassName=1_P1 Member=Component R5 Resistor
Added Member To Class: ClassName=1_P1 Member=Component R6 Resistor
Added Member To Class: ClassName=1_P1 Member=Component R8 Resistor
Added Member To Class: ClassName=1_P1 Member=Component R9 Resistor
Added Member To Class: ClassName=1_P1 Member=Component R11 Resistor
Added Member To Class: ClassName=1_P1 Member=Component R13 Resistor
Added Member To Class: ClassName=1_P1 Member=Component R15 Resistor
Added Member To Class: ClassName=1_P1 Member=Component R19 Resistor
Added Member To Class: ClassName=1_P1 Member=Component R21 Resistor
Added Member To Class: ClassName=1_P1 Member=Component R23 Resistor
Added Member To Class: ClassName=1_P1 Member=Component R25 Resistor
Added Member To Class: ClassName=1_P1 Member=Component R27 Resistor
Added Member To Class: ClassName=1_P1 Member=Component R30 Resistor
Added Member To Class: ClassName=1_P1 Member=Component R31 Resistor
Added Member To Class: ClassName=1_P1 Member=Component R32 Resistor
Added Member To Class: ClassName=1_P1 Member=Component R34 Resistor
Added Member To Class: ClassName=1_P1 Member=Component R35 Resistor
Added Member To Class: ClassName=1_P1 Member=Component R37 Resistor
Added Member To Class: ClassName=1_P1 Member=Component R38 Resistor
Added Member To Class: ClassName=1_P1 Member=Component R41 Resistor
Added Member To Class: ClassName=1_P1 Member=Component R43 Resistor
Added Member To Class: ClassName=1_P1 Member=Component R44 Resistor
Added Member To Class: ClassName=1_P1 Member=Component R46 Resistor
Added Member To Class: ClassName=1_P1 Member=Component R47 Resistor
Added Member To Class: ClassName=1_P1 Member=Component R48 Resistor
Added Member To Class: ClassName=1_P1 Member=Component R49 Resistor
Added Member To Class: ClassName=1_P1 Member=Component R52 Resistor
Added Member To Class: ClassName=1_P1 Member=Component U4 LT3045IDD#PBF
Added Member To Class: ClassName=1_P1 Member=Component U7 TLV75533PDBVR
Added Member To Class: ClassName=1_P1 Member=Component U8 STM32F446RET6
Added Member To Class: ClassName=1_P1 Member=Component U9 OPA1622IDRCR
